------------------------------------------------------------
TimeQuest Timing Analyzer Summary
------------------------------------------------------------

Type  : Slow 1200mV 85C Model Setup 'Clk'
Slack : -4.769
TNS   : -64.212

Type  : Slow 1200mV 85C Model Hold 'Clk'
Slack : 0.208
TNS   : 0.000

Type  : Slow 1200mV 85C Model Recovery 'Clk'
Slack : -3.204
TNS   : -49.126

Type  : Slow 1200mV 85C Model Removal 'Clk'
Slack : 0.901
TNS   : 0.000

Type  : Slow 1200mV 85C Model Minimum Pulse Width 'Clk'
Slack : -3.000
TNS   : -36.410

Type  : Slow 1200mV 85C Model Minimum Pulse Width 'LoadA'
Slack : -3.000
TNS   : -3.000

Type  : Slow 1200mV 85C Model Minimum Pulse Width 'LoadB'
Slack : -3.000
TNS   : -3.000

Type  : Slow 1200mV 0C Model Setup 'Clk'
Slack : -4.310
TNS   : -57.562

Type  : Slow 1200mV 0C Model Hold 'Clk'
Slack : 0.183
TNS   : 0.000

Type  : Slow 1200mV 0C Model Recovery 'Clk'
Slack : -2.863
TNS   : -43.820

Type  : Slow 1200mV 0C Model Removal 'Clk'
Slack : 0.880
TNS   : 0.000

Type  : Slow 1200mV 0C Model Minimum Pulse Width 'Clk'
Slack : -3.000
TNS   : -36.410

Type  : Slow 1200mV 0C Model Minimum Pulse Width 'LoadA'
Slack : -3.000
TNS   : -3.000

Type  : Slow 1200mV 0C Model Minimum Pulse Width 'LoadB'
Slack : -3.000
TNS   : -3.000

Type  : Fast 1200mV 0C Model Setup 'Clk'
Slack : -1.834
TNS   : -22.992

Type  : Fast 1200mV 0C Model Hold 'Clk'
Slack : 0.004
TNS   : 0.000

Type  : Fast 1200mV 0C Model Recovery 'Clk'
Slack : -1.097
TNS   : -16.605

Type  : Fast 1200mV 0C Model Removal 'Clk'
Slack : 0.256
TNS   : 0.000

Type  : Fast 1200mV 0C Model Minimum Pulse Width 'Clk'
Slack : -3.000
TNS   : -30.500

Type  : Fast 1200mV 0C Model Minimum Pulse Width 'LoadA'
Slack : -3.000
TNS   : -3.000

Type  : Fast 1200mV 0C Model Minimum Pulse Width 'LoadB'
Slack : -3.000
TNS   : -3.000

------------------------------------------------------------
