------------------------------------------------------------
TimeQuest Timing Analyzer Summary
------------------------------------------------------------

Type  : Slow 1200mV 85C Model Setup 'Run'
Slack : -6.136
TNS   : -97.678

Type  : Slow 1200mV 85C Model Setup 'Clk'
Slack : -0.537
TNS   : -1.006

Type  : Slow 1200mV 85C Model Hold 'Clk'
Slack : 0.122
TNS   : 0.000

Type  : Slow 1200mV 85C Model Hold 'Run'
Slack : 0.816
TNS   : 0.000

Type  : Slow 1200mV 85C Model Recovery 'Run'
Slack : -3.725
TNS   : -62.524

Type  : Slow 1200mV 85C Model Recovery 'Reset'
Slack : -0.624
TNS   : -5.532

Type  : Slow 1200mV 85C Model Recovery 'Clk'
Slack : 0.460
TNS   : 0.000

Type  : Slow 1200mV 85C Model Removal 'Clk'
Slack : -0.695
TNS   : -1.390

Type  : Slow 1200mV 85C Model Removal 'Reset'
Slack : -0.287
TNS   : -2.001

Type  : Slow 1200mV 85C Model Removal 'Run'
Slack : 0.719
TNS   : 0.000

Type  : Slow 1200mV 85C Model Minimum Pulse Width 'Run'
Slack : -3.000
TNS   : -24.845

Type  : Slow 1200mV 85C Model Minimum Pulse Width 'Clk'
Slack : -3.000
TNS   : -5.570

Type  : Slow 1200mV 85C Model Minimum Pulse Width 'Reset'
Slack : -3.000
TNS   : -3.000

Type  : Slow 1200mV 0C Model Setup 'Run'
Slack : -5.503
TNS   : -87.302

Type  : Slow 1200mV 0C Model Setup 'Clk'
Slack : -0.370
TNS   : -0.683

Type  : Slow 1200mV 0C Model Hold 'Clk'
Slack : 0.164
TNS   : 0.000

Type  : Slow 1200mV 0C Model Hold 'Run'
Slack : 0.711
TNS   : 0.000

Type  : Slow 1200mV 0C Model Recovery 'Run'
Slack : -3.333
TNS   : -56.108

Type  : Slow 1200mV 0C Model Recovery 'Reset'
Slack : -0.699
TNS   : -7.145

Type  : Slow 1200mV 0C Model Recovery 'Clk'
Slack : 0.524
TNS   : 0.000

Type  : Slow 1200mV 0C Model Removal 'Clk'
Slack : -0.613
TNS   : -1.226

Type  : Slow 1200mV 0C Model Removal 'Reset'
Slack : -0.266
TNS   : -1.723

Type  : Slow 1200mV 0C Model Removal 'Run'
Slack : 0.681
TNS   : 0.000

Type  : Slow 1200mV 0C Model Minimum Pulse Width 'Run'
Slack : -3.000
TNS   : -24.845

Type  : Slow 1200mV 0C Model Minimum Pulse Width 'Clk'
Slack : -3.000
TNS   : -5.570

Type  : Slow 1200mV 0C Model Minimum Pulse Width 'Reset'
Slack : -3.000
TNS   : -3.000

Type  : Fast 1200mV 0C Model Setup 'Run'
Slack : -2.708
TNS   : -42.617

Type  : Fast 1200mV 0C Model Setup 'Clk'
Slack : -0.344
TNS   : -0.642

Type  : Fast 1200mV 0C Model Hold 'Clk'
Slack : -0.163
TNS   : -0.296

Type  : Fast 1200mV 0C Model Hold 'Run'
Slack : 0.390
TNS   : 0.000

Type  : Fast 1200mV 0C Model Recovery 'Run'
Slack : -1.452
TNS   : -24.244

Type  : Fast 1200mV 0C Model Recovery 'Clk'
Slack : 0.241
TNS   : 0.000

Type  : Fast 1200mV 0C Model Recovery 'Reset'
Slack : 0.256
TNS   : 0.000

Type  : Fast 1200mV 0C Model Removal 'Clk'
Slack : -0.589
TNS   : -1.178

Type  : Fast 1200mV 0C Model Removal 'Reset'
Slack : -0.334
TNS   : -3.784

Type  : Fast 1200mV 0C Model Removal 'Run'
Slack : 0.313
TNS   : 0.000

Type  : Fast 1200mV 0C Model Minimum Pulse Width 'Run'
Slack : -3.000
TNS   : -22.828

Type  : Fast 1200mV 0C Model Minimum Pulse Width 'Clk'
Slack : -3.000
TNS   : -5.000

Type  : Fast 1200mV 0C Model Minimum Pulse Width 'Reset'
Slack : -3.000
TNS   : -3.486

------------------------------------------------------------
