------------------------------------------------------------
TimeQuest Timing Analyzer Summary
------------------------------------------------------------

Type  : Slow 1200mV 85C Model Setup 'Run'
Slack : -5.012
TNS   : -51.827

Type  : Slow 1200mV 85C Model Setup 'Clk'
Slack : -0.258
TNS   : -0.486

Type  : Slow 1200mV 85C Model Hold 'Clk'
Slack : -0.045
TNS   : -0.078

Type  : Slow 1200mV 85C Model Hold 'Run'
Slack : 0.676
TNS   : 0.000

Type  : Slow 1200mV 85C Model Recovery 'Run'
Slack : -3.945
TNS   : -62.491

Type  : Slow 1200mV 85C Model Recovery 'Reset'
Slack : -0.784
TNS   : -9.006

Type  : Slow 1200mV 85C Model Recovery 'Clk'
Slack : 0.468
TNS   : 0.000

Type  : Slow 1200mV 85C Model Removal 'Clk'
Slack : -0.808
TNS   : -1.616

Type  : Slow 1200mV 85C Model Removal 'Reset'
Slack : -0.125
TNS   : -0.636

Type  : Slow 1200mV 85C Model Removal 'Run'
Slack : 0.748
TNS   : 0.000

Type  : Slow 1200mV 85C Model Minimum Pulse Width 'Run'
Slack : -3.000
TNS   : -23.560

Type  : Slow 1200mV 85C Model Minimum Pulse Width 'Clk'
Slack : -3.000
TNS   : -5.570

Type  : Slow 1200mV 85C Model Minimum Pulse Width 'Reset'
Slack : -3.000
TNS   : -3.000

Type  : Slow 1200mV 0C Model Setup 'Run'
Slack : -4.432
TNS   : -44.370

Type  : Slow 1200mV 0C Model Setup 'Clk'
Slack : -0.101
TNS   : -0.181

Type  : Slow 1200mV 0C Model Hold 'Clk'
Slack : 0.020
TNS   : 0.000

Type  : Slow 1200mV 0C Model Hold 'Run'
Slack : 0.579
TNS   : 0.000

Type  : Slow 1200mV 0C Model Recovery 'Run'
Slack : -3.549
TNS   : -56.169

Type  : Slow 1200mV 0C Model Recovery 'Reset'
Slack : -0.849
TNS   : -10.039

Type  : Slow 1200mV 0C Model Recovery 'Clk'
Slack : 0.585
TNS   : 0.000

Type  : Slow 1200mV 0C Model Removal 'Clk'
Slack : -0.742
TNS   : -1.484

Type  : Slow 1200mV 0C Model Removal 'Reset'
Slack : -0.129
TNS   : -0.670

Type  : Slow 1200mV 0C Model Removal 'Run'
Slack : 0.691
TNS   : 0.000

Type  : Slow 1200mV 0C Model Minimum Pulse Width 'Run'
Slack : -3.000
TNS   : -23.560

Type  : Slow 1200mV 0C Model Minimum Pulse Width 'Clk'
Slack : -3.000
TNS   : -5.570

Type  : Slow 1200mV 0C Model Minimum Pulse Width 'Reset'
Slack : -3.000
TNS   : -3.000

Type  : Fast 1200mV 0C Model Setup 'Run'
Slack : -2.156
TNS   : -20.642

Type  : Fast 1200mV 0C Model Setup 'Clk'
Slack : -0.161
TNS   : -0.320

Type  : Fast 1200mV 0C Model Hold 'Clk'
Slack : -0.328
TNS   : -0.652

Type  : Fast 1200mV 0C Model Hold 'Run'
Slack : 0.312
TNS   : 0.000

Type  : Fast 1200mV 0C Model Recovery 'Run'
Slack : -1.575
TNS   : -24.899

Type  : Fast 1200mV 0C Model Recovery 'Reset'
Slack : 0.180
TNS   : 0.000

Type  : Fast 1200mV 0C Model Recovery 'Clk'
Slack : 0.266
TNS   : 0.000

Type  : Fast 1200mV 0C Model Removal 'Clk'
Slack : -0.664
TNS   : -1.328

Type  : Fast 1200mV 0C Model Removal 'Reset'
Slack : -0.243
TNS   : -3.335

Type  : Fast 1200mV 0C Model Removal 'Run'
Slack : 0.311
TNS   : 0.000

Type  : Fast 1200mV 0C Model Minimum Pulse Width 'Run'
Slack : -3.000
TNS   : -22.000

Type  : Fast 1200mV 0C Model Minimum Pulse Width 'Reset'
Slack : -3.000
TNS   : -6.326

Type  : Fast 1200mV 0C Model Minimum Pulse Width 'Clk'
Slack : -3.000
TNS   : -5.000

------------------------------------------------------------
